// Jest Snapshot v1, https://goo.gl/fbAQLP

exports[`renders correctly 1`] = `
<div
  className="cell-container"
  onClick={[Function]}
>
  5
</div>
`;
