// Jest Snapshot v1, https://goo.gl/fbAQLP

exports[`renders correctly 1`] = `
<div
  className="main-page"
>
  <nav
    className="nav-bar"
  >
    <form>
      <label>
        <h2>
          How many prime numbers would you like to generate?
        </h2>
        <div
          className="align-center-container"
        >
          <input
            className="input"
            onChange={[Function]}
            step=".01"
            type="number"
            value=""
          />
        </div>
      </label>
      <div
        className="align-center-container"
      >
        <input
          className="button"
          onClick={[Function]}
          type="submit"
          value="Generate prime number multiplication table"
        />
      </div>
    </form>
  </nav>
  <section
    className="content-container"
  >
    <section
      className="table-container"
    >
      <div
        className="row"
      >
        <div
          className="cell-container"
          onClick={[Function]}
        >
          _
        </div>
        <div
          className="cell-container"
          onClick={[Function]}
        >
          2
        </div>
        <div
          className="cell-container"
          onClick={[Function]}
        >
          3
        </div>
        <div
          className="cell-container"
          onClick={[Function]}
        >
          5
        </div>
      </div>
      <div
        className="row"
      >
        <div
          className="cell-container"
          onClick={[Function]}
        >
          2
        </div>
        <div
          className="cell-container"
          onClick={[Function]}
        >
          4
        </div>
        <div
          className="cell-container"
          onClick={[Function]}
        >
          6
        </div>
        <div
          className="cell-container"
          onClick={[Function]}
        >
          10
        </div>
      </div>
      <div
        className="row"
      >
        <div
          className="cell-container"
          onClick={[Function]}
        >
          3
        </div>
        <div
          className="cell-container"
          onClick={[Function]}
        >
          6
        </div>
        <div
          className="cell-container"
          onClick={[Function]}
        >
          9
        </div>
        <div
          className="cell-container"
          onClick={[Function]}
        >
          15
        </div>
      </div>
      <div
        className="row"
      >
        <div
          className="cell-container"
          onClick={[Function]}
        >
          5
        </div>
        <div
          className="cell-container"
          onClick={[Function]}
        >
          10
        </div>
        <div
          className="cell-container"
          onClick={[Function]}
        >
          15
        </div>
        <div
          className="cell-container"
          onClick={[Function]}
        >
          25
        </div>
      </div>
    </section>
  </section>
</div>
`;
